MemTotal:        5767104 kB
MemFree:          581848 kB
MemAvailable:    3218828 kB
Buffers:          443328 kB
Cached:          1954244 kB
SwapCached:        20896 kB
Active:          2358676 kB
Inactive:         872312 kB
Active(anon):     705588 kB
Inactive(anon):   294484 kB
Active(file):    1653088 kB
Inactive(file):   577828 kB
Unevictable:      160560 kB
Mlocked:          158764 kB
SwapTotal:       2621436 kB
SwapFree:        1855748 kB
Dirty:               132 kB
Writeback:             0 kB
AnonPages:        988288 kB
Mapped:           626304 kB
Shmem:              6084 kB
Slab:             875364 kB
SReclaimable:     519996 kB
SUnreclaim:       355368 kB
KernelStack:       49232 kB
PageTables:        72672 kB
NFS_Unstable:          0 kB
Bounce:                0 kB
WritebackTmp:          0 kB
CommitLimit:     5504988 kB
Committed_AS:   74438104 kB
VmallocTotal:   263061440 kB
VmallocUsed:           0 kB
VmallocChunk:          0 kB
CmaTotal:         204800 kB
CmaFree:           55520 kB
